// Jest Snapshot v1, https://goo.gl/fbAQLP

exports[`Pruebas en <GifItem /> debe hacer match con el snapshot 1`] = `
<div>
  <div
    class="card"
  >
    <img
      alt="Test-title"
      src="https://www.test-url.com"
    />
    <p>
      Test-title
    </p>
  </div>
</div>
`;
